2016-01-16 22:35:27.375387 - Executing 'echo test'
test
